\BOOKMARK [1][-]{section.1}{\376\377\000I\000n\000t\000r\000o\000d\000u\000c\000t\000i\000o\000n}{}% 1
\BOOKMARK [1][-]{section.2}{\376\377\000P\000r\000o\000j\000e\000c\000t\000\040\000O\000v\000e\000r\000v\000i\000e\000w}{}% 2
\BOOKMARK [1][-]{section.3}{\376\377\000T\000e\000c\000h\000n\000i\000c\000a\000l\000\040\000F\000o\000u\000n\000d\000a\000t\000i\000o\000n\000s}{}% 3
\BOOKMARK [2][-]{subsection.3.1}{\376\377\000B\000i\000n\000a\000r\000y\000\040\000t\000e\000m\000p\000o\000r\000a\000l\000\040\000f\000a\000l\000l\000\040\000d\000e\000t\000e\000c\000t\000i\000o\000n}{section.3}% 4
\BOOKMARK [2][-]{subsection.3.2}{\376\377\000P\000o\000s\000e\000-\000b\000a\000s\000e\000d\000\040\000r\000e\000p\000r\000e\000s\000e\000n\000t\000a\000t\000i\000o\000n}{section.3}% 5
\BOOKMARK [2][-]{subsection.3.3}{\376\377\000G\000r\000a\000p\000h\000\040\000r\000e\000p\000r\000e\000s\000e\000n\000t\000a\000t\000i\000o\000n}{section.3}% 6
\BOOKMARK [2][-]{subsection.3.4}{\376\377\000T\000e\000m\000p\000o\000r\000a\000l\000\040\000c\000o\000n\000v\000o\000l\000u\000t\000i\000o\000n}{section.3}% 7
\BOOKMARK [2][-]{subsection.3.5}{\376\377\000T\000e\000m\000p\000o\000r\000a\000l\000\040\000s\000e\000l\000f\000-\000a\000t\000t\000e\000n\000t\000i\000o\000n}{section.3}% 8
\BOOKMARK [1][-]{section.4}{\376\377\000D\000a\000t\000a\000\040\000S\000o\000u\000r\000c\000e\000s\000\040\000a\000n\000d\000\040\000I\000n\000p\000u\000t\000\040\000P\000r\000o\000c\000e\000s\000s\000i\000n\000g}{}% 9
\BOOKMARK [2][-]{subsection.4.1}{\376\377\000D\000a\000t\000a\000s\000e\000t\000\040\000p\000o\000l\000i\000c\000y}{section.4}% 10
\BOOKMARK [2][-]{subsection.4.2}{\376\377\000V\000e\000r\000s\000i\000o\000n\000i\000n\000g\000\040\000a\000n\000d\000\040\000p\000r\000o\000v\000e\000n\000a\000n\000c\000e}{section.4}% 11
\BOOKMARK [2][-]{subsection.4.3}{\376\377\000S\000e\000c\000u\000r\000e\000\040\000a\000c\000q\000u\000i\000s\000i\000t\000i\000o\000n\000\040\000a\000n\000d\000\040\000e\000x\000t\000r\000a\000c\000t\000i\000o\000n}{section.4}% 12
\BOOKMARK [2][-]{subsection.4.4}{\376\377\000M\000a\000n\000i\000f\000e\000s\000t\000\040\000a\000s\000\040\000t\000h\000e\000\040\000s\000c\000i\000e\000n\000t\000i\000f\000i\000c\000\040\000b\000o\000u\000n\000d\000a\000r\000y}{section.4}% 13
\BOOKMARK [1][-]{section.5}{\376\377\000S\000p\000l\000i\000t\000\040\000D\000e\000s\000i\000g\000n\000\040\000a\000n\000d\000\040\000L\000e\000a\000k\000a\000g\000e\000\040\000C\000o\000n\000t\000r\000o\000l}{}% 14
\BOOKMARK [1][-]{section.6}{\376\377\000R\000u\000n\000t\000i\000m\000e\000\040\000a\000n\000d\000\040\000R\000e\000s\000o\000u\000r\000c\000e\000\040\000M\000a\000n\000a\000g\000e\000m\000e\000n\000t}{}% 15
\BOOKMARK [2][-]{subsection.6.1}{\376\377\000T\000h\000r\000e\000e\000-\000h\000o\000u\000r\000\040\000t\000a\000r\000g\000e\000t\000\040\000a\000n\000d\000\040\000h\000a\000r\000d\000\040\000c\000e\000i\000l\000i\000n\000g}{section.6}% 16
\BOOKMARK [2][-]{subsection.6.2}{\376\377\000P\000o\000s\000e\000\040\000t\000h\000r\000o\000u\000g\000h\000p\000u\000t\000\040\000e\000s\000t\000i\000m\000a\000t\000i\000o\000n}{section.6}% 17
\BOOKMARK [2][-]{subsection.6.3}{\376\377\000V\000R\000A\000M\000\040\000c\000o\000n\000t\000r\000o\000l}{section.6}% 18
\BOOKMARK [1][-]{section.7}{\376\377\000P\000o\000s\000e\000\040\000E\000x\000t\000r\000a\000c\000t\000i\000o\000n\000\040\000P\000i\000p\000e\000l\000i\000n\000e}{}% 19
\BOOKMARK [2][-]{subsection.7.1}{\376\377\000T\000e\000m\000p\000o\000r\000a\000l\000\040\000s\000a\000m\000p\000l\000i\000n\000g}{section.7}% 20
\BOOKMARK [2][-]{subsection.7.2}{\376\377\000P\000r\000i\000m\000a\000r\000y\000-\000p\000e\000r\000s\000o\000n\000\040\000s\000e\000l\000e\000c\000t\000i\000o\000n}{section.7}% 21
\BOOKMARK [2][-]{subsection.7.3}{\376\377\000M\000i\000s\000s\000i\000n\000g\000\040\000d\000e\000t\000e\000c\000t\000i\000o\000n\000s}{section.7}% 22
\BOOKMARK [2][-]{subsection.7.4}{\376\377\000S\000k\000e\000l\000e\000t\000o\000n\000\040\000n\000o\000r\000m\000a\000l\000i\000z\000a\000t\000i\000o\000n}{section.7}% 23
\BOOKMARK [2][-]{subsection.7.5}{\376\377\000V\000e\000l\000o\000c\000i\000t\000y\000,\000\040\000a\000c\000c\000e\000l\000e\000r\000a\000t\000i\000o\000n\000,\000\040\000a\000n\000d\000\040\000s\000p\000e\000e\000d}{section.7}% 24
\BOOKMARK [2][-]{subsection.7.6}{\376\377\000P\000o\000s\000e\000\040\000c\000a\000c\000h\000e\000\040\000i\000n\000t\000e\000g\000r\000i\000t\000y}{section.7}% 25
\BOOKMARK [1][-]{section.8}{\376\377\000T\000r\000a\000i\000n\000-\000O\000n\000l\000y\000\040\000S\000t\000a\000n\000d\000a\000r\000d\000i\000z\000a\000t\000i\000o\000n}{}% 26
\BOOKMARK [1][-]{section.9}{\376\377\000D\000a\000t\000a\000s\000e\000t\000\040\000C\000l\000a\000s\000s\000\040\000a\000n\000d\000\040\000A\000u\000g\000m\000e\000n\000t\000a\000t\000i\000o\000n}{}% 27
\BOOKMARK [2][-]{subsection.9.1}{\376\377\000T\000e\000n\000s\000o\000r\000\040\000p\000r\000e\000p\000a\000r\000a\000t\000i\000o\000n}{section.9}% 28
\BOOKMARK [2][-]{subsection.9.2}{\376\377\000S\000k\000e\000l\000e\000t\000o\000n\000-\000o\000n\000l\000y\000\040\000a\000u\000g\000m\000e\000n\000t\000a\000t\000i\000o\000n}{section.9}% 29
\BOOKMARK [1][-]{section.10}{\376\377\000M\000o\000d\000e\000l\000\040\000A\000r\000c\000h\000i\000t\000e\000c\000t\000u\000r\000e}{}% 30
\BOOKMARK [2][-]{subsection.10.1}{\376\377\000G\000r\000a\000p\000h\000-\000c\000o\000n\000v\000o\000l\000u\000t\000i\000o\000n\000a\000l\000\040\000s\000p\000a\000t\000i\000a\000l\000\040\000b\000r\000a\000n\000c\000h}{section.10}% 31
\BOOKMARK [2][-]{subsection.10.2}{\376\377\000T\000e\000m\000p\000o\000r\000a\000l\000\040\000b\000r\000a\000n\000c\000h}{section.10}% 32
\BOOKMARK [2][-]{subsection.10.3}{\376\377\000G\000a\000t\000e\000d\000\040\000f\000u\000s\000i\000o\000n}{section.10}% 33
\BOOKMARK [2][-]{subsection.10.4}{\376\377\000A\000t\000t\000e\000n\000t\000i\000o\000n\000\040\000a\000n\000d\000\040\000c\000l\000a\000s\000s\000i\000f\000i\000c\000a\000t\000i\000o\000n}{section.10}% 34
\BOOKMARK [2][-]{subsection.10.5}{\376\377\000B\000a\000s\000e\000l\000i\000n\000e\000s}{section.10}% 35
\BOOKMARK [1][-]{section.11}{\376\377\000T\000r\000a\000i\000n\000i\000n\000g\000\040\000P\000r\000o\000c\000e\000d\000u\000r\000e}{}% 36
\BOOKMARK [1][-]{section.12}{\376\377\000V\000a\000l\000i\000d\000a\000t\000i\000o\000n\000\040\000a\000n\000d\000\040\000T\000h\000r\000e\000s\000h\000o\000l\000d\000\040\000C\000a\000l\000i\000b\000r\000a\000t\000i\000o\000n}{}% 37
\BOOKMARK [2][-]{subsection.12.1}{\376\377\000M\000e\000t\000r\000i\000c\000\040\000c\000o\000m\000p\000u\000t\000a\000t\000i\000o\000n}{section.12}% 38
\BOOKMARK [2][-]{subsection.12.2}{\376\377\000V\000a\000l\000i\000d\000a\000t\000i\000o\000n\000-\000o\000n\000l\000y\000\040\000o\000p\000e\000r\000a\000t\000i\000n\000g\000\040\000t\000h\000r\000e\000s\000h\000o\000l\000d}{section.12}% 39
\BOOKMARK [1][-]{section.13}{\376\377\000M\000o\000d\000e\000l\000\040\000S\000u\000i\000t\000e\000\040\000a\000n\000d\000\040\000S\000e\000l\000e\000c\000t\000i\000o\000n\000\040\000R\000u\000l\000e}{}% 40
\BOOKMARK [1][-]{section.14}{\376\377\000F\000i\000n\000a\000l\000\040\000M\000o\000d\000e\000l\000\040\000F\000r\000e\000e\000z\000i\000n\000g}{}% 41
\BOOKMARK [1][-]{section.15}{\376\377\000H\000e\000l\000d\000-\000O\000u\000t\000\040\000T\000e\000s\000t\000i\000n\000g}{}% 42
\BOOKMARK [2][-]{subsection.15.1}{\376\377\000G\000M\000D\000C\000S\000A\0002\0004\000\040\000s\000u\000b\000j\000e\000c\000t\000-\000d\000i\000s\000j\000o\000i\000n\000t\000\040\000t\000e\000s\000t}{section.15}% 43
\BOOKMARK [2][-]{subsection.15.2}{\376\377\000M\000C\000F\000D\000\040\000c\000r\000o\000s\000s\000-\000v\000i\000e\000w\000\040\000e\000v\000a\000l\000u\000a\000t\000i\000o\000n}{section.15}% 44
\BOOKMARK [2][-]{subsection.15.3}{\376\377\000C\000A\000U\000C\000A\000F\000a\000l\000l\000\040\000e\000x\000t\000e\000r\000n\000a\000l\000\040\000e\000v\000a\000l\000u\000a\000t\000i\000o\000n}{section.15}% 45
\BOOKMARK [1][-]{section.16}{\376\377\000T\000a\000r\000g\000e\000t\000e\000d\000\040\000F\000a\000i\000l\000u\000r\000e\000\040\000R\000e\000c\000o\000v\000e\000r\000y}{}% 46
\BOOKMARK [1][-]{section.17}{\376\377\000H\000a\000r\000d\000-\000N\000e\000g\000a\000t\000i\000v\000e\000\040\000A\000n\000a\000l\000y\000s\000i\000s}{}% 47
\BOOKMARK [1][-]{section.18}{\376\377\000R\000e\000p\000r\000o\000d\000u\000c\000i\000b\000i\000l\000i\000t\000y\000\040\000a\000n\000d\000\040\000R\000e\000l\000i\000a\000b\000i\000l\000i\000t\000y}{}% 48
\BOOKMARK [1][-]{section.19}{\376\377\000I\000m\000p\000l\000e\000m\000e\000n\000t\000a\000t\000i\000o\000n\000\040\000D\000e\000v\000i\000a\000t\000i\000o\000n\000s\000\040\000a\000n\000d\000\040\000I\000m\000p\000o\000r\000t\000a\000n\000t\000\040\000C\000a\000v\000e\000a\000t\000s}{}% 49
\BOOKMARK [2][-]{subsection.19.1}{\376\377\000T\000h\000e\000\040\000c\000o\000n\000f\000i\000d\000e\000n\000c\000e\000-\000a\000w\000a\000r\000e\000\040\000c\000l\000a\000i\000m\000\040\000i\000s\000\040\000o\000n\000l\000y\000\040\000p\000a\000r\000t\000i\000a\000l\000l\000y\000\040\000r\000e\000a\000l\000i\000z\000e\000d}{section.19}% 50
\BOOKMARK [2][-]{subsection.19.2}{\376\377\000T\000h\000e\000\040\000s\000p\000a\000t\000i\000a\000l\000\040\000b\000r\000a\000n\000c\000h\000\040\000c\000o\000n\000t\000a\000i\000n\000s\000\040\000u\000n\000u\000s\000e\000d\000\040\000c\000o\000n\000f\000i\000d\000e\000n\000c\000e\000\040\000c\000o\000d\000e}{section.19}% 51
\BOOKMARK [2][-]{subsection.19.3}{\376\377\000H\000a\000r\000d\000-\000n\000e\000g\000a\000t\000i\000v\000e\000\040\000t\000h\000r\000e\000s\000h\000o\000l\000d\000\040\000m\000i\000s\000m\000a\000t\000c\000h}{section.19}% 52
\BOOKMARK [2][-]{subsection.19.4}{\376\377\000P\000e\000r\000-\000f\000r\000a\000m\000e\000\040\000n\000o\000r\000m\000a\000l\000i\000z\000a\000t\000i\000o\000n}{section.19}% 53
\BOOKMARK [2][-]{subsection.19.5}{\376\377\000T\000e\000m\000p\000o\000r\000a\000l\000\040\000r\000e\000v\000e\000r\000s\000a\000l\000\040\000a\000u\000g\000m\000e\000n\000t\000a\000t\000i\000o\000n}{section.19}% 54
\BOOKMARK [2][-]{subsection.19.6}{\376\377\000H\000e\000u\000r\000i\000s\000t\000i\000c\000\040\000p\000e\000r\000s\000o\000n\000\040\000s\000e\000l\000e\000c\000t\000i\000o\000n}{section.19}% 55
\BOOKMARK [2][-]{subsection.19.7}{\376\377\000V\000i\000e\000w\000-\000s\000h\000i\000f\000t\000\040\000v\000e\000r\000s\000u\000s\000\040\000i\000n\000d\000e\000p\000e\000n\000d\000e\000n\000t\000-\000e\000v\000e\000n\000t\000\040\000g\000e\000n\000e\000r\000a\000l\000i\000z\000a\000t\000i\000o\000n}{section.19}% 56
\BOOKMARK [1][-]{section.20}{\376\377\000C\000o\000m\000p\000u\000t\000a\000t\000i\000o\000n\000a\000l\000\040\000C\000o\000m\000p\000l\000e\000x\000i\000t\000y}{}% 57
\BOOKMARK [1][-]{section.21}{\376\377\000C\000o\000d\000e\000\040\000O\000r\000g\000a\000n\000i\000z\000a\000t\000i\000o\000n\000\040\000a\000n\000d\000\040\000E\000x\000e\000c\000u\000t\000i\000o\000n\000\040\000S\000e\000m\000a\000n\000t\000i\000c\000s}{}% 58
\BOOKMARK [1][-]{section.22}{\376\377\000O\000v\000e\000r\000a\000l\000l\000\040\000T\000e\000c\000h\000n\000i\000c\000a\000l\000\040\000A\000s\000s\000e\000s\000s\000m\000e\000n\000t}{}% 59
\BOOKMARK [1][-]{section.23}{\376\377\000C\000o\000n\000c\000l\000u\000s\000i\000o\000n}{}% 60
